file 00000.png
duration 3.0
file 00001-point.png
duration 1.0
file 00002-point.png
duration 1.0
file 00003-point.png
duration 1.0
file 00004-line.png
duration 3.0
file 00005-circle.png
duration 3.0
file 00006-point.png
duration 1.0
file 00007-line.png
duration 3.0
file 00008-point.png
duration 1.0
file 00009-point.png
duration 3.0
file 00010-line.png
duration 3.0
file 00011-point.png
duration 1.0
file 00012-circle.png
duration 3.0
file 00013-point.png
duration 1.0
file 00014-point.png
duration 1.0
file 00015-point.png
duration 1.0
file 00016-point.png
duration 1.0
file 00017-point.png
duration 1.0
file 00018-point.png
duration 1.0
file 00019-line.png
duration 3.0
file 00020-point.png
duration 3.0
file 00021-point.png
duration 1.0
file 00022-line.png
duration 3.0
file 00023-point.png
duration 1.0
file 00024-circle.png
duration 3.0
file 00025-point.png
duration 1.0
file 00026-point.png
duration 1.0
file 00027-point.png
duration 1.0
file 00028-point.png
duration 1.0
file 00029-point.png
duration 1.0
file 00030-point.png
duration 1.0
file 00031-point.png
duration 1.0
file 00032-point.png
duration 1.0
file 00033-point.png
duration 1.0
file 00034-point.png
duration 1.0
file 00000.png
duration 3.0
file ranges/00000.png
duration 3.0
file ranges/00001.png
duration 3.0
file ranges/00002.png
duration 3.0
file ranges/00003.png
duration 3.0
file ranges/all.png
duration 5.0
file ranges/00000-zoom.png
duration 5.0
file ranges/00001-zoom.png
duration 5.0
file ranges/00002-zoom.png
duration 5.0
file ranges/00003-zoom.png
duration 5.0
file ranges/all.png
duration 5.0
